SUB-TC: #1
push
pushed abc
pop
popped:string(3) "abc"
pushed 100
pushed true
popped:int(100)
popped:bool(true)
pushed false
popped:bool(false)